 
****************************************
Report : area
Design : LA_dig
Version: J-2014.09-SP5
Date   : Thu May  5 10:41:44 2016
****************************************

Library(s) Used:

    tcbn40lpbwptc (File: /cae/apps/data/tsmclibs-2013/digital/Front_End/timing_power_noise/NLDM/tcbn40lpbwp_120b/tcbn40lpbwptc.db)

Number of ports:                           18
Number of nets:                          1530
Number of cells:                         1333
Number of combinational cells:            899
Number of sequential cells:               434
Number of macros/black boxes:               0
Number of buf/inv:                        260
Number of references:                     115

Combinational area:               1214.690419
Buf/Inv area:                      186.807605
Noncombinational area:            1948.514410
Macro/Black Box area:                0.000000
Net Interconnect area:      undefined  (Wire load has zero net area)

Total cell area:                  3163.204829
Total area:                 undefined
1
